http_interactions:
- request:
    method: get
    uri: https://api.test.osf.io/v2/nodes/mdfb8/files/osfstorage/?filter%5Bkind%5D=folder&filter%5Bname%5D=dir2&page=1
    body:
      encoding: ''
      string: ''
    headers:
      Accept-Encoding: gzip, deflate
      Accept: application/json, text/xml, application/xml, */*
      User-Agent: osfr v0.2.8
      Authorization: Bearer <totallyrealpat>
      Accept-Header: application/vnd.api+json;version=2.8
  response:
    status:
      status_code: '200'
      message: OK
      explanation: Request fulfilled, document follows
    headers:
      allow: GET, HEAD, OPTIONS
      alt-svc: clear
      cache-control: no-cache, no-store, max-age=0, must-revalidate
      content-length: '128'
      content-type: application/vnd.api+json; charset=utf-8
      date: Wed, 29 Jan 2020 23:27:49 GMT
      expires: Mon, 01 Jan 1990 00:00:00 GMT
      pragma: no-cache
      server: nginx
      status: HTTP/1.1 200 OK
      vary:
      - Accept-Encoding
      - Accept
      via: 1.1 google
      x-frame-options: SAMEORIGIN
    body:
      encoding: UTF-8
      file: no
      string: '{"data":[],"links":{"first":null,"last":null,"prev":null,"next":null,"meta":{"total":0,"per_page":10}},"meta":{"version":"2.0"}}'
  recorded_at: 2020-01-29 23:27:53 GMT
  recorded_with: vcr/0.4.1.93.9000, webmockr/0.5.1.96
- request:
    method: put
    uri: https://files.us.test.osf.io/v1/resources/mdfb8/providers/osfstorage/?kind=folder&name=dir2
    body:
      encoding: ''
      string: ''
    headers:
      Accept-Encoding: gzip, deflate
      Accept: application/json, text/xml, application/xml, */*
      User-Agent: osfr v0.2.8
      Authorization: Bearer <totallyrealpat>
  response:
    status:
      status_code: '201'
      message: Created
      explanation: Document created, URL follows
    headers:
      status: HTTP/1.1 201 Created
      server: nginx
      date: Wed, 29 Jan 2020 23:27:49 GMT
      content-type: application/json; charset=UTF-8
      content-length: '821'
      x-waterbutler-request-id: 8fe7db0f-0559-40ad-93ae-c228ae956318
      cache-control: no-cache, no-store, max-age=0, must-revalidate
      expires: Mon, 01 Jan 1990 00:00:00 GMT
      pragma: no-cache
      via: 1.1 google
      alt-svc: clear
    body:
      encoding: UTF-8
      file: no
      string: '{"data": {"type": "files", "id": "osfstorage/5e3214f504172e0009ac8fd8/",
        "links": {"new_folder": "https://files.us.test.osf.io/v1/resources/mdfb8/providers/osfstorage/5e3214f504172e0009ac8fd8/?kind=folder",
        "move": "https://files.us.test.osf.io/v1/resources/mdfb8/providers/osfstorage/5e3214f504172e0009ac8fd8/",
        "delete": "https://files.us.test.osf.io/v1/resources/mdfb8/providers/osfstorage/5e3214f504172e0009ac8fd8/",
        "upload": "https://files.us.test.osf.io/v1/resources/mdfb8/providers/osfstorage/5e3214f504172e0009ac8fd8/?kind=file"},
        "attributes": {"sizeInt": null, "kind": "folder", "extra": {}, "resource":
        "mdfb8", "materialized": "/dir2/", "name": "dir2", "path": "/5e3214f504172e0009ac8fd8/",
        "provider": "osfstorage", "etag": "5caf8ab73c068565297e455ebce37fd64b6897a2284ec9d7ecba8b6093082bcd",
        "size": null}}}'
  recorded_at: 2020-01-29 23:27:53 GMT
  recorded_with: vcr/0.4.1.93.9000, webmockr/0.5.1.96
- request:
    method: get
    uri: https://api.test.osf.io/v2/files/5e3214f504172e0009ac8fd8/
    body:
      encoding: ''
      string: ''
    headers:
      Accept-Encoding: gzip, deflate
      Accept: application/json, text/xml, application/xml, */*
      User-Agent: osfr v0.2.8
      Authorization: Bearer <totallyrealpat>
      Accept-Header: application/vnd.api+json;version=2.8
  response:
    status:
      status_code: '200'
      message: OK
      explanation: Request fulfilled, document follows
    headers:
      allow: GET, PUT, PATCH, HEAD, OPTIONS
      alt-svc: clear
      cache-control: no-cache, no-store, max-age=0, must-revalidate
      content-encoding: gzip
      content-type: application/vnd.api+json; charset=utf-8
      date: Wed, 29 Jan 2020 23:27:50 GMT
      expires: Mon, 01 Jan 1990 00:00:00 GMT
      pragma: no-cache
      server: nginx
      status: HTTP/1.1 200 OK
      transfer-encoding: chunked
      vary:
      - Accept-Encoding
      - Accept
      via: 1.1 google
      x-frame-options: SAMEORIGIN
    body:
      encoding: UTF-8
      file: no
      string: '{"data":{"id":"5e3214f504172e0009ac8fd8","type":"files","attributes":{"guid":null,"checkout":null,"name":"dir2","kind":"folder","path":"/5e3214f504172e0009ac8fd8/","size":null,"provider":"osfstorage","materialized_path":"/dir2/","last_touched":null,"date_modified":null,"date_created":null,"extra":{"hashes":{"md5":null,"sha256":null}},"tags":[],"current_user_can_comment":true,"current_version":1},"relationships":{"parent_folder":{"links":{"related":{"href":"https://api.test.osf.io/v2/files/5e32148b58cd6b00090d9a7a/","meta":{}}},"data":{"id":"5e32148b58cd6b00090d9a7a","type":"files"}},"files":{"links":{"related":{"href":"https://api.test.osf.io/v2/nodes/mdfb8/files/osfstorage/5e3214f504172e0009ac8fd8/","meta":{}}}},"node":{"links":{"related":{"href":"https://api.test.osf.io/v2/nodes/mdfb8/","meta":{}}},"data":{"id":"mdfb8","type":"nodes"}},"target":{"links":{"related":{"href":"https://api.test.osf.io/v2/nodes/mdfb8/","meta":{"type":"node"}}},"data":{"type":"node","id":"mdfb8"}}},"links":{"info":"https://api.test.osf.io/v2/files/5e3214f504172e0009ac8fd8/","move":"https://files.us.test.osf.io/v1/resources/mdfb8/providers/osfstorage/5e3214f504172e0009ac8fd8/","upload":"https://files.us.test.osf.io/v1/resources/mdfb8/providers/osfstorage/5e3214f504172e0009ac8fd8/","delete":"https://files.us.test.osf.io/v1/resources/mdfb8/providers/osfstorage/5e3214f504172e0009ac8fd8/","new_folder":"https://files.us.test.osf.io/v1/resources/mdfb8/providers/osfstorage/5e3214f504172e0009ac8fd8/?kind=folder","self":"https://api.test.osf.io/v2/files/5e3214f504172e0009ac8fd8/"}},"meta":{"version":"2.0"}}'
  recorded_at: 2020-01-29 23:27:53 GMT
  recorded_with: vcr/0.4.1.93.9000, webmockr/0.5.1.96
- request:
    method: get
    uri: https://api.test.osf.io/v2/nodes/mdfb8/files/osfstorage/5e3214f504172e0009ac8fd8/?filter%5Bkind%5D=folder&filter%5Bname%5D=dir21&page=1
    body:
      encoding: ''
      string: ''
    headers:
      Accept-Encoding: gzip, deflate
      Accept: application/json, text/xml, application/xml, */*
      User-Agent: osfr v0.2.8
      Authorization: Bearer <totallyrealpat>
      Accept-Header: application/vnd.api+json;version=2.8
  response:
    status:
      status_code: '200'
      message: OK
      explanation: Request fulfilled, document follows
    headers:
      allow: GET, HEAD, OPTIONS
      alt-svc: clear
      cache-control: no-cache, no-store, max-age=0, must-revalidate
      content-length: '128'
      content-type: application/vnd.api+json; charset=utf-8
      date: Wed, 29 Jan 2020 23:27:50 GMT
      expires: Mon, 01 Jan 1990 00:00:00 GMT
      pragma: no-cache
      server: nginx
      status: HTTP/1.1 200 OK
      vary:
      - Accept-Encoding
      - Accept
      via: 1.1 google
      x-frame-options: SAMEORIGIN
    body:
      encoding: UTF-8
      file: no
      string: '{"data":[],"links":{"first":null,"last":null,"prev":null,"next":null,"meta":{"total":0,"per_page":10}},"meta":{"version":"2.0"}}'
  recorded_at: 2020-01-29 23:27:53 GMT
  recorded_with: vcr/0.4.1.93.9000, webmockr/0.5.1.96
- request:
    method: put
    uri: https://files.us.test.osf.io/v1/resources/mdfb8/providers/osfstorage/5e3214f504172e0009ac8fd8/?kind=folder&name=dir21
    body:
      encoding: ''
      string: ''
    headers:
      Accept-Encoding: gzip, deflate
      Accept: application/json, text/xml, application/xml, */*
      User-Agent: osfr v0.2.8
      Authorization: Bearer <totallyrealpat>
  response:
    status:
      status_code: '201'
      message: Created
      explanation: Document created, URL follows
    headers:
      status: HTTP/1.1 201 Created
      server: nginx
      date: Wed, 29 Jan 2020 23:27:52 GMT
      content-type: application/json; charset=UTF-8
      content-length: '828'
      x-waterbutler-request-id: 517fd36e-e98e-4290-92c2-724411fcb2ea
      cache-control: no-cache, no-store, max-age=0, must-revalidate
      expires: Mon, 01 Jan 1990 00:00:00 GMT
      pragma: no-cache
      via: 1.1 google
      alt-svc: clear
    body:
      encoding: UTF-8
      file: no
      string: '{"data": {"type": "files", "id": "osfstorage/5e3214f8342fc900096700c1/",
        "links": {"new_folder": "https://files.us.test.osf.io/v1/resources/mdfb8/providers/osfstorage/5e3214f8342fc900096700c1/?kind=folder",
        "move": "https://files.us.test.osf.io/v1/resources/mdfb8/providers/osfstorage/5e3214f8342fc900096700c1/",
        "delete": "https://files.us.test.osf.io/v1/resources/mdfb8/providers/osfstorage/5e3214f8342fc900096700c1/",
        "upload": "https://files.us.test.osf.io/v1/resources/mdfb8/providers/osfstorage/5e3214f8342fc900096700c1/?kind=file"},
        "attributes": {"sizeInt": null, "kind": "folder", "extra": {}, "resource":
        "mdfb8", "materialized": "/dir2/dir21/", "name": "dir21", "path": "/5e3214f8342fc900096700c1/",
        "provider": "osfstorage", "etag": "5caf8ab73c068565297e455ebce37fd64b6897a2284ec9d7ecba8b6093082bcd",
        "size": null}}}'
  recorded_at: 2020-01-29 23:27:53 GMT
  recorded_with: vcr/0.4.1.93.9000, webmockr/0.5.1.96
- request:
    method: get
    uri: https://api.test.osf.io/v2/files/5e3214f8342fc900096700c1/
    body:
      encoding: ''
      string: ''
    headers:
      Accept-Encoding: gzip, deflate
      Accept: application/json, text/xml, application/xml, */*
      User-Agent: osfr v0.2.8
      Authorization: Bearer <totallyrealpat>
      Accept-Header: application/vnd.api+json;version=2.8
  response:
    status:
      status_code: '200'
      message: OK
      explanation: Request fulfilled, document follows
    headers:
      allow: GET, PUT, PATCH, HEAD, OPTIONS
      alt-svc: clear
      cache-control: no-cache, no-store, max-age=0, must-revalidate
      content-encoding: gzip
      content-type: application/vnd.api+json; charset=utf-8
      date: Wed, 29 Jan 2020 23:27:53 GMT
      expires: Mon, 01 Jan 1990 00:00:00 GMT
      pragma: no-cache
      server: nginx
      status: HTTP/1.1 200 OK
      transfer-encoding: chunked
      vary:
      - Accept-Encoding
      - Accept
      via: 1.1 google
      x-frame-options: SAMEORIGIN
    body:
      encoding: UTF-8
      file: no
      string: '{"data":{"id":"5e3214f8342fc900096700c1","type":"files","attributes":{"guid":null,"checkout":null,"name":"dir21","kind":"folder","path":"/5e3214f8342fc900096700c1/","size":null,"provider":"osfstorage","materialized_path":"/dir2/dir21/","last_touched":null,"date_modified":null,"date_created":null,"extra":{"hashes":{"md5":null,"sha256":null}},"tags":[],"current_user_can_comment":true,"current_version":1},"relationships":{"parent_folder":{"links":{"related":{"href":"https://api.test.osf.io/v2/files/5e3214f504172e0009ac8fd8/","meta":{}}},"data":{"id":"5e3214f504172e0009ac8fd8","type":"files"}},"files":{"links":{"related":{"href":"https://api.test.osf.io/v2/nodes/mdfb8/files/osfstorage/5e3214f8342fc900096700c1/","meta":{}}}},"node":{"links":{"related":{"href":"https://api.test.osf.io/v2/nodes/mdfb8/","meta":{}}},"data":{"id":"mdfb8","type":"nodes"}},"target":{"links":{"related":{"href":"https://api.test.osf.io/v2/nodes/mdfb8/","meta":{"type":"node"}}},"data":{"type":"node","id":"mdfb8"}}},"links":{"info":"https://api.test.osf.io/v2/files/5e3214f8342fc900096700c1/","move":"https://files.us.test.osf.io/v1/resources/mdfb8/providers/osfstorage/5e3214f8342fc900096700c1/","upload":"https://files.us.test.osf.io/v1/resources/mdfb8/providers/osfstorage/5e3214f8342fc900096700c1/","delete":"https://files.us.test.osf.io/v1/resources/mdfb8/providers/osfstorage/5e3214f8342fc900096700c1/","new_folder":"https://files.us.test.osf.io/v1/resources/mdfb8/providers/osfstorage/5e3214f8342fc900096700c1/?kind=folder","self":"https://api.test.osf.io/v2/files/5e3214f8342fc900096700c1/"}},"meta":{"version":"2.0"}}'
  recorded_at: 2020-01-29 23:27:53 GMT
  recorded_with: vcr/0.4.1.93.9000, webmockr/0.5.1.96
